SQLファイルを実行中: tests/math_noexam.sql
          教科名           |  担当教員   
---------------------------+-------------
 セミナ-I                  | 角川 裕次
 セミナ-I                  | 高橋 隆史
 セミナ-I                  | 佐野 彰
 セミナ-I                  | 阪井 一繁
 セミナ-I                  | 山岸 義和
 セミナ-I                  | 松木平 淳太
 セミナ-I                  | 深尾 武史
 セミナ-I                  | 川上 竜樹
 セミナ-I                  | 村川 秀樹
 セミナ-I                  | 中野 浩
 セミナ-I                  | 藤原 和将
 セミナ-I                  | 馬 青
 セミナ-I                  | 飯田 晋司
 セミナ-I                  | 樋口 三郎
 セミナ-II                 | 角川 裕次
 セミナ-II                 | 高橋 隆史
 セミナ-II                 | 佐野 彰
 セミナ-II                 | 阪井 一繁
 セミナ-II                 | 山岸 義和
 セミナ-II                 | 深尾 武史
 セミナ-II                 | 川上 竜樹
 セミナ-II                 | 村川 秀樹
 セミナ-II                 | 中野 浩
 セミナ-II                 | 藤原 和将
 セミナ-II                 | 馬 青
 セミナ-II                 | 飯田 晋司
 セミナ-II                 | 樋口 三郎
 プログラミング及び実習I   | 中野 浩
 プロジェクト演習          | 角川 裕次
 プロジェクト演習          | 深尾 武史
 プロジェクト演習          | 村川 秀樹
 プロジェクト演習          | 藤原 和将
 プロジェクト演習          | 樋口 三郎
 情報基礎                  | 中野 浩
 数理·情報科学の学びと社会 | 阪井 一繁
 数理·情報科学の学びと社会 | 樋口 三郎
 数理情報演習              | 角川 裕次
 数理情報演習              | 高橋 隆史
 数理情報演習              | 阪井 一繁
 数理情報演習              | 山岸 義和
 数理情報演習              | 松木平 淳太
 数理情報演習              | 深尾 武史
 数理情報演習              | 川上 竜樹
 数理情報演習              | 村川 秀樹
 数理情報演習              | 中野 浩
 数理情報演習              | 藤原 和将
 数理情報演習              | 馬 青
 数理情報演習              | 飯田 晋司
 数理情報演習              | 樋口 三郎
 特別研究I                 | 角川 裕次
 特別研究I                 | 高橋 隆史
 特別研究I                 | 佐野 彰
 特別研究I                 | 阪井 一繁
 特別研究I                 | 山岸 義和
 特別研究I                 | 深尾 武史
 特別研究I                 | 川上 竜樹
 特別研究I                 | 村川 秀樹
 特別研究I                 | 中野 浩
 特別研究I                 | 藤原 和将
 特別研究I                 | 馬 青
 特別研究I                 | 飯田 晋司
 特別研究I                 | 樋口 三郎
 特別研究II                | 角川 裕次
 特別研究II                | 高橋 隆史
 特別研究II                | 佐野 彰
 特別研究II                | 阪井 一繁
 特別研究II                | 山岸 義和
 特別研究II                | 深尾 武史
 特別研究II                | 川上 竜樹
 特別研究II                | 村川 秀樹
 特別研究II                | 中野 浩
 特別研究II                | 藤原 和将
 特別研究II                | 馬 青
 特別研究II                | 飯田 晋司
 特別研究II                | 樋口 三郎
 微積分及び演習I           | 深尾 武史
(76 行)

